
s
location: r2
itemsInHand: m, 
stunRemaining: 0
