
r1
neighbours: 
peopleInRoom: s, 
itemsInRoom: t2, t6, 
gas: false
cursed: false
capacity: 3
curseActive: false
stickiness: 0

s
location: r1
itemsInHand: t3, t4, t5, t1, 
stunRemaining: 0
