
r1
neighbours: 
peopleInRoom: s, 
itemsInRoom: 
gas: true
cursed: false
capacity: 3
curseActive: false
stickiness: 0

r1
neighbours: 
peopleInRoom: s, 
itemsInRoom: 
gas: false
cursed: false
capacity: 3
curseActive: false
stickiness: 0

s
location: r1
itemsInHand: m, 
stunRemaining: 0

m
location: r1
holder: s
timeRemaining: 6
duration: 4
