
r2
neighbours: r1, 
peopleInRoom: s, c, 
itemsInRoom: 
gas: false
cursed: true
capacity: 3
curseActive: true
stickiness: 0
