t2
location: r2
holder: s
pair: NULL
s
location: r2
itemsInHand: t2, 
stunRemaining: 0
