r1
neighbours: r2, 
peopleInRoom: s, 
itemsInRoom: 
gas: false
cursed: false
capacity: 3
curseActive: false
stickiness: 0
r2
neighbours: r1, 
peopleInRoom: 
itemsInRoom: 
gas: false
cursed: false
capacity: 3
curseActive: false
stickiness: 0
