r2
neighbours: r1, 
peopleInRoom: t, 
itemsInRoom: b, r, 
gas: false
cursed: false
capacity: 3
curseActive: false
stickiness: 1
t
location: r2
itemsInHand: m, 
stunRemaining: 3
r2
neighbours: r1, 
peopleInRoom: t, 
itemsInRoom: 
gas: false
cursed: false
capacity: 3
curseActive: false
stickiness: 1
t
location: r2
itemsInHand: 
stunRemaining: 2
