r2
neighbours: r1, r7, r6, r5, r3, 
peopleInRoom: T, H, 
itemsInRoom: 
gas: false
cursed: false
capacity: 3
curseActive: false
stickiness: 2
tv
location: r2
holder: H
usesRemaining: 2
Win
